Using pre-set license
Built from '2022.3/staging' branch; Version is '2022.3.10f1 (ff3792e53c62) revision 16725906'; Using compiler version '192829333'; Build Type 'Release'
OS: 'Windows 11  (10.0.26200) 64bit Core' Language: 'ru' Physical Memory: 32490 MB
BatchMode: 1, IsHumanControllingUs: 0, StartBugReporterOnCrash: 0, Is64bit: 1, IsPro: 1

COMMAND LINE ARGUMENTS:
C:\Program Files\Unity\Hub\Editor\2022.3.10f1\Editor\Unity.exe
-adb2
-batchMode
-noUpm
-name
AssetImportWorker2
-projectPath
C:/Users/asus/Oleshky_scene_proj
-logFile
Logs/AssetImportWorker2.log
-srvPort
52195
Successfully changed project path to: C:/Users/asus/Oleshky_scene_proj
C:/Users/asus/Oleshky_scene_proj
[UnityMemory] Configuration Parameters - Can be set up in boot.config
    "memorysetup-bucket-allocator-granularity=16"
    "memorysetup-bucket-allocator-bucket-count=8"
    "memorysetup-bucket-allocator-block-size=33554432"
    "memorysetup-bucket-allocator-block-count=8"
    "memorysetup-main-allocator-block-size=16777216"
    "memorysetup-thread-allocator-block-size=16777216"
    "memorysetup-gfx-main-allocator-block-size=16777216"
    "memorysetup-gfx-thread-allocator-block-size=16777216"
    "memorysetup-cache-allocator-block-size=4194304"
    "memorysetup-typetree-allocator-block-size=2097152"
    "memorysetup-profiler-bucket-allocator-granularity=16"
    "memorysetup-profiler-bucket-allocator-bucket-count=8"
    "memorysetup-profiler-bucket-allocator-block-size=33554432"
    "memorysetup-profiler-bucket-allocator-block-count=8"
    "memorysetup-profiler-allocator-block-size=16777216"
    "memorysetup-profiler-editor-allocator-block-size=1048576"
    "memorysetup-temp-allocator-size-main=16777216"
    "memorysetup-job-temp-allocator-block-size=2097152"
    "memorysetup-job-temp-allocator-block-size-background=1048576"
    "memorysetup-job-temp-allocator-reduction-small-platforms=262144"
    "memorysetup-allocator-temp-initial-block-size-main=262144"
    "memorysetup-allocator-temp-initial-block-size-worker=262144"
    "memorysetup-temp-allocator-size-background-worker=32768"
    "memorysetup-temp-allocator-size-job-worker=262144"
    "memorysetup-temp-allocator-size-preload-manager=33554432"
    "memorysetup-temp-allocator-size-nav-mesh-worker=65536"
    "memorysetup-temp-allocator-size-audio-worker=65536"
    "memorysetup-temp-allocator-size-cloud-worker=32768"
    "memorysetup-temp-allocator-size-gi-baking-worker=262144"
    "memorysetup-temp-allocator-size-gfx=262144"
Player connection [17320] Host "[IP] 192.168.0.102 [Port] 0 [Flags] 2 [Guid] 4291747502 [EditorId] 4291747502 [Version] 1048832 [Id] WindowsEditor(7,DESKTOP-NBMUS6M) [Debug] 1 [PackageName] WindowsEditor [ProjectName] Editor" joined multi-casting on [225.0.0.222:54997]...

Player connection [17320] Host "[IP] 192.168.0.102 [Port] 0 [Flags] 2 [Guid] 4291747502 [EditorId] 4291747502 [Version] 1048832 [Id] WindowsEditor(7,DESKTOP-NBMUS6M) [Debug] 1 [PackageName] WindowsEditor [ProjectName] Editor" joined alternative multi-casting on [225.0.0.222:34997]...

[Physics::Module] Initialized MultithreadedJobDispatcher with 11 workers.
Refreshing native plugins compatible for Editor in 471.40 ms, found 4 plugins.
Preloading 0 native plugins for Editor in 0.00 ms.
Initialize engine version: 2022.3.10f1 (ff3792e53c62)
[Subsystems] Discovering subsystems at path C:/Program Files/Unity/Hub/Editor/2022.3.10f1/Editor/Data/Resources/UnitySubsystems
[Subsystems] Discovering subsystems at path C:/Users/asus/Oleshky_scene_proj/Assets
GfxDevice: creating device client; threaded=0; jobified=0
Direct3D:
    Version:  Direct3D 11.0 [level 11.1]
    Renderer: NVIDIA GeForce RTX 2050 (ID=0x25ad)
    Vendor:   NVIDIA
    VRAM:     3962 MB
    Driver:   32.0.16.1047
Initialize mono
Mono path[0] = 'C:/Program Files/Unity/Hub/Editor/2022.3.10f1/Editor/Data/Managed'
Mono path[1] = 'C:/Program Files/Unity/Hub/Editor/2022.3.10f1/Editor/Data/MonoBleedingEdge/lib/mono/unityjit-win32'
Mono config path = 'C:/Program Files/Unity/Hub/Editor/2022.3.10f1/Editor/Data/MonoBleedingEdge/etc'
Using monoOptions --debugger-agent=transport=dt_socket,embedding=1,server=y,suspend=n,address=127.0.0.1:56396
Begin MonoManager ReloadAssembly
Registering precompiled unity dll's ...
Register platform support module: C:/Program Files/Unity/Hub/Editor/2022.3.10f1/Editor/Data/PlaybackEngines/WebGLSupport/UnityEditor.WebGL.Extensions.dll
Register platform support module: C:/Program Files/Unity/Hub/Editor/2022.3.10f1/Editor/Data/PlaybackEngines/AndroidPlayer/UnityEditor.Android.Extensions.dll
Register platform support module: C:/Program Files/Unity/Hub/Editor/2022.3.10f1/Editor/Data/PlaybackEngines/WindowsStandaloneSupport/UnityEditor.WindowsStandalone.Extensions.dll
Registered in 0.562405 seconds.
- Loaded All Assemblies, in  6.988 seconds
Native extension for WindowsStandalone target not found
Native extension for Android target not found
Android Extension - Scanning For ADB Devices 275 ms
Native extension for WebGL target not found
Mono: successfully reloaded assembly
- Finished resetting the current domain, in  0.744 seconds
Domain Reload Profiling: 7731ms
	BeginReloadAssembly (5507ms)
		ExecutionOrderSort (0ms)
		DisableScriptedObjects (0ms)
		BackupInstance (0ms)
		ReleaseScriptingObjects (0ms)
		CreateAndSetChildDomain (1ms)
	RebuildCommonClasses (234ms)
	RebuildNativeTypeToScriptingClass (9ms)
	initialDomainReloadingComplete (614ms)
	LoadAllAssembliesAndSetupDomain (623ms)
		LoadAssemblies (5505ms)
		RebuildTransferFunctionScriptingTraits (0ms)
		AnalyzeDomain (621ms)
			TypeCache.Refresh (619ms)
				TypeCache.ScanAssembly (605ms)
			ScanForSourceGeneratedMonoScriptInfo (0ms)
			ResolveRequiredComponents (0ms)
	FinalizeReload (744ms)
		ReleaseScriptCaches (0ms)
		RebuildScriptCaches (0ms)
		SetupLoadedEditorAssemblies (686ms)
			LogAssemblyErrors (0ms)
			InitializePlatformSupportModulesInManaged (532ms)
			SetLoadedEditorAssemblies (5ms)
			RefreshPlugins (0ms)
			BeforeProcessingInitializeOnLoad (3ms)
			ProcessInitializeOnLoadAttributes (91ms)
			ProcessInitializeOnLoadMethodAttributes (57ms)
			AfterProcessingInitializeOnLoad (0ms)
			EditorAssembliesLoaded (0ms)
		ExecutionOrderSort2 (0ms)
		AwakeInstancesAfterBackupRestoration (0ms)
========================================================================
Worker process is ready to serve import requests
Begin MonoManager ReloadAssembly
- Loaded All Assemblies, in  6.012 seconds
Refreshing native plugins compatible for Editor in 3.22 ms, found 4 plugins.
Native extension for WindowsStandalone target not found
Native extension for Android target not found
Native extension for WebGL target not found
Mono: successfully reloaded assembly
- Finished resetting the current domain, in  0.556 seconds
Domain Reload Profiling: 6568ms
	BeginReloadAssembly (134ms)
		ExecutionOrderSort (0ms)
		DisableScriptedObjects (6ms)
		BackupInstance (0ms)
		ReleaseScriptingObjects (0ms)
		CreateAndSetChildDomain (21ms)
	RebuildCommonClasses (27ms)
	RebuildNativeTypeToScriptingClass (8ms)
	initialDomainReloadingComplete (32ms)
	LoadAllAssembliesAndSetupDomain (5809ms)
		LoadAssemblies (5554ms)
		RebuildTransferFunctionScriptingTraits (0ms)
		AnalyzeDomain (326ms)
			TypeCache.Refresh (305ms)
				TypeCache.ScanAssembly (289ms)
			ScanForSourceGeneratedMonoScriptInfo (13ms)
			ResolveRequiredComponents (5ms)
	FinalizeReload (557ms)
		ReleaseScriptCaches (0ms)
		RebuildScriptCaches (0ms)
		SetupLoadedEditorAssemblies (399ms)
			LogAssemblyErrors (0ms)
			InitializePlatformSupportModulesInManaged (25ms)
			SetLoadedEditorAssemblies (4ms)
			RefreshPlugins (0ms)
			BeforeProcessingInitializeOnLoad (53ms)
			ProcessInitializeOnLoadAttributes (293ms)
			ProcessInitializeOnLoadMethodAttributes (18ms)
			AfterProcessingInitializeOnLoad (5ms)
			EditorAssembliesLoaded (0ms)
		ExecutionOrderSort2 (0ms)
		AwakeInstancesAfterBackupRestoration (8ms)
Launched and connected shader compiler UnityShaderCompiler.exe after 0.04 seconds
Refreshing native plugins compatible for Editor in 5.60 ms, found 4 plugins.
Preloading 0 native plugins for Editor in 0.00 ms.
Unloading 3541 Unused Serialized files (Serialized files now loaded: 0)
Unloading 39 unused Assets / (60.4 KB). Loaded Objects now: 3999.
Memory consumption went from 128.5 MB to 128.4 MB.
Total: 3.119700 ms (FindLiveObjects: 0.275900 ms CreateObjectMapping: 0.124300 ms MarkObjects: 2.574400 ms  DeleteObjects: 0.143800 ms)

AssetImportParameters requested are different than current active one (requested -> active):
  custom:container-demuxer-ogg: 62fdf1f143b41e24485cea50d1cbac27 -> 
  custom:video-decoder-ogg-theora: a1e56fd34408186e4bbccfd4996cb3dc -> 
  custom:framework-win-MediaFoundation: 216162199b28c13a410421893ffa2e32 -> 
  custom:CustomObjectIndexerAttribute: 756ad292c208cfabdd7b50bc23989ffe -> 
  custom:container-demuxer-webm: 4f35f7cbe854078d1ac9338744f61a02 -> 
  custom:container-muxer-webm: aa71ff27fc2769a1b78a27578f13a17b -> 
  custom:video-decoder-webm-vp8: 9c59270c3fd7afecdb556c50c9e8de78 -> 
  custom:SearchIndexIgnoredProperties: e643bd26f0fe6173181afceb89e7c659 -> 
  custom:AudioImporter_EditorPlatform: d09bf68614088b80899f8185d706f6e7 -> 
  custom:video-encoder-webm-vp8: eb34c28f22e8b96e1ab97ce403110664 -> 
  custom:audio-decoder-ogg-vorbis: bf7c407c2cedff20999df2af8eb42d56 -> 
  custom:audio-encoder-webm-vorbis: bf7c407c2cedff20999df2af8eb42d56 -> 
========================================================================
Received Import Request.
  Time since last request: 57127.439065 seconds.
  path: Assets/Lowpoly Nature & Village Pack/Prefabs/PotatoFarm.prefab
  artifactKey: Guid(8fa15d18c856a6744a8f1c9ea5719c8c) Importer(815301076,1909f56bfc062723c751e8b465ee728b)
Start importing Assets/Lowpoly Nature & Village Pack/Prefabs/PotatoFarm.prefab using Guid(8fa15d18c856a6744a8f1c9ea5719c8c) Importer(815301076,1909f56bfc062723c751e8b465ee728b)  -> (artifact id: '7a5544abe4da67682e2c28ed2d125d15') in 0.094266 seconds
Number of updated asset objects reloaded before import = 0
Number of asset objects unloaded after import = 183
========================================================================
Received Import Request.
  Time since last request: 0.000065 seconds.
  path: Assets/Lowpoly Nature & Village Pack/Prefabs/Terrain5.prefab
  artifactKey: Guid(f5fb71bc477c60e49a215017aa51631d) Importer(815301076,1909f56bfc062723c751e8b465ee728b)
Start importing Assets/Lowpoly Nature & Village Pack/Prefabs/Terrain5.prefab using Guid(f5fb71bc477c60e49a215017aa51631d) Importer(815301076,1909f56bfc062723c751e8b465ee728b)  -> (artifact id: 'fffdc96f76820c6fa6dfc6b3dbab89d6') in 0.016497 seconds
Number of updated asset objects reloaded before import = 0
Number of asset objects unloaded after import = 9
========================================================================
Received Import Request.
  Time since last request: 0.000021 seconds.
  path: Assets/Lowpoly Nature & Village Pack/Prefabs/Fence.prefab
  artifactKey: Guid(a58c8bcd22bee1f4cb166841254a2ea4) Importer(815301076,1909f56bfc062723c751e8b465ee728b)
Start importing Assets/Lowpoly Nature & Village Pack/Prefabs/Fence.prefab using Guid(a58c8bcd22bee1f4cb166841254a2ea4) Importer(815301076,1909f56bfc062723c751e8b465ee728b)  -> (artifact id: '69b52c9625984708ca1432b2358e6875') in 0.016564 seconds
Number of updated asset objects reloaded before import = 0
Number of asset objects unloaded after import = 17
========================================================================
Received Import Request.
  Time since last request: 0.000018 seconds.
  path: Assets/Lowpoly Nature & Village Pack/Prefabs/House2.prefab
  artifactKey: Guid(08b4dda652360224a89d540c7f13c3d7) Importer(815301076,1909f56bfc062723c751e8b465ee728b)
Start importing Assets/Lowpoly Nature & Village Pack/Prefabs/House2.prefab using Guid(08b4dda652360224a89d540c7f13c3d7) Importer(815301076,1909f56bfc062723c751e8b465ee728b)  -> (artifact id: '56a9935f4471459805a539bb7b360ceb') in 0.016228 seconds
Number of updated asset objects reloaded before import = 0
Number of asset objects unloaded after import = 51
========================================================================
Received Import Request.
  Time since last request: 0.000019 seconds.
  path: Assets/Lowpoly Nature & Village Pack/Prefabs/Tree1.prefab
  artifactKey: Guid(fa7edeb6b77fa4a48bd89ca8b69c8bb7) Importer(815301076,1909f56bfc062723c751e8b465ee728b)
Start importing Assets/Lowpoly Nature & Village Pack/Prefabs/Tree1.prefab using Guid(fa7edeb6b77fa4a48bd89ca8b69c8bb7) Importer(815301076,1909f56bfc062723c751e8b465ee728b)  -> (artifact id: '2c47505a9feddb26a76c96949baf4501') in 0.014505 seconds
Number of updated asset objects reloaded before import = 0
Number of asset objects unloaded after import = 17
========================================================================
Received Import Request.
  Time since last request: 0.000019 seconds.
  path: Assets/Lowpoly Nature & Village Pack/Prefabs/FallenTree.prefab
  artifactKey: Guid(46ae6b65058d5b841bd8686cc154ee0b) Importer(815301076,1909f56bfc062723c751e8b465ee728b)
Start importing Assets/Lowpoly Nature & Village Pack/Prefabs/FallenTree.prefab using Guid(46ae6b65058d5b841bd8686cc154ee0b) Importer(815301076,1909f56bfc062723c751e8b465ee728b)  -> (artifact id: '95c19b82706bcd61707edafd69b4b700') in 0.015210 seconds
Number of updated asset objects reloaded before import = 0
Number of asset objects unloaded after import = 9
========================================================================
Received Import Request.
  Time since last request: 0.000177 seconds.
  path: Assets/Lowpoly Nature & Village Pack/3D Models/Rock2.fbx
  artifactKey: Guid(a0831a813d16efb41af0be594222c69b) Importer(815301076,1909f56bfc062723c751e8b465ee728b)
Start importing Assets/Lowpoly Nature & Village Pack/3D Models/Rock2.fbx using Guid(a0831a813d16efb41af0be594222c69b) Importer(815301076,1909f56bfc062723c751e8b465ee728b)  -> (artifact id: '8fad3d54b800e74854bcb74ff9a67a99') in 0.052377 seconds
Number of updated asset objects reloaded before import = 0
Number of asset objects unloaded after import = 8
========================================================================
Received Import Request.
  Time since last request: 0.000026 seconds.
  path: Assets/Lowpoly Nature & Village Pack/PreMade Materials/FlowerStem.mat
  artifactKey: Guid(e8ea97cbdc9973145b9536588e1f115a) Importer(815301076,1909f56bfc062723c751e8b465ee728b)
Start importing Assets/Lowpoly Nature & Village Pack/PreMade Materials/FlowerStem.mat using Guid(e8ea97cbdc9973145b9536588e1f115a) Importer(815301076,1909f56bfc062723c751e8b465ee728b)  -> (artifact id: '5e53ed0f3a501300f2221af4e0480f41') in 0.015004 seconds
Number of updated asset objects reloaded before import = 0
Number of asset objects unloaded after import = 1
========================================================================
Received Import Request.
  Time since last request: 0.000013 seconds.
  path: Assets/Lowpoly Nature & Village Pack/PreMade Materials/BushBerries.mat
  artifactKey: Guid(5be1cb7725ffad344a2248c6586661a0) Importer(815301076,1909f56bfc062723c751e8b465ee728b)
Start importing Assets/Lowpoly Nature & Village Pack/PreMade Materials/BushBerries.mat using Guid(5be1cb7725ffad344a2248c6586661a0) Importer(815301076,1909f56bfc062723c751e8b465ee728b)  -> (artifact id: '70b5612b78fff1ffa80840ce339eb20a') in 0.015084 seconds
Number of updated asset objects reloaded before import = 0
Number of asset objects unloaded after import = 1
========================================================================
Received Import Request.
  Time since last request: 0.000021 seconds.
  path: Assets/Lowpoly Nature & Village Pack/Prefabs
  artifactKey: Guid(48146f1ea2e71794aa71a82fc1beab3c) Importer(815301076,1909f56bfc062723c751e8b465ee728b)
Start importing Assets/Lowpoly Nature & Village Pack/Prefabs using Guid(48146f1ea2e71794aa71a82fc1beab3c) Importer(815301076,1909f56bfc062723c751e8b465ee728b)  -> (artifact id: '3c59ae4fb5b8bdfd0217b7587331b89e') in 0.000472 seconds
Number of updated asset objects reloaded before import = 0
Number of asset objects unloaded after import = 0
========================================================================
Received Import Request.
  Time since last request: 0.000011 seconds.
  path: Assets/Lowpoly Nature & Village Pack/PreMade Materials/BuildingFoundation.mat
  artifactKey: Guid(385ae648e3ae00441a2ecebac972b8d9) Importer(815301076,1909f56bfc062723c751e8b465ee728b)
Start importing Assets/Lowpoly Nature & Village Pack/PreMade Materials/BuildingFoundation.mat using Guid(385ae648e3ae00441a2ecebac972b8d9) Importer(815301076,1909f56bfc062723c751e8b465ee728b)  -> (artifact id: '45bfc50a7df1c3ecd1a9e89d3870867e') in 0.013424 seconds
Number of updated asset objects reloaded before import = 0
Number of asset objects unloaded after import = 1
========================================================================
Received Import Request.
  Time since last request: 0.000017 seconds.
  path: Assets/Lowpoly Nature & Village Pack/PreMade Materials/Path.mat
  artifactKey: Guid(f78dee2d05e22e44db8f6f9b67b4d227) Importer(815301076,1909f56bfc062723c751e8b465ee728b)
Start importing Assets/Lowpoly Nature & Village Pack/PreMade Materials/Path.mat using Guid(f78dee2d05e22e44db8f6f9b67b4d227) Importer(815301076,1909f56bfc062723c751e8b465ee728b)  -> (artifact id: '7deb411574ea9531631a7f28b517f990') in 0.017569 seconds
Number of updated asset objects reloaded before import = 0
Number of asset objects unloaded after import = 1
========================================================================
Received Import Request.
  Time since last request: 0.000019 seconds.
  path: Assets/Lowpoly Nature & Village Pack/3D Models/WaterPond.fbx
  artifactKey: Guid(0ed95230a63f642409bdfce06254cd39) Importer(815301076,1909f56bfc062723c751e8b465ee728b)
Start importing Assets/Lowpoly Nature & Village Pack/3D Models/WaterPond.fbx using Guid(0ed95230a63f642409bdfce06254cd39) Importer(815301076,1909f56bfc062723c751e8b465ee728b)  -> (artifact id: '3576cd9cac7bdfabf080824d87592cf0') in 0.035668 seconds
Number of updated asset objects reloaded before import = 0
Number of asset objects unloaded after import = 15
========================================================================
Received Import Request.
  Time since last request: 0.000018 seconds.
  path: Assets/Lowpoly Nature & Village Pack/PreMade Materials/BuildingRoof.mat
  artifactKey: Guid(32fea8291906cab4ab74fc54d48311cf) Importer(815301076,1909f56bfc062723c751e8b465ee728b)
Start importing Assets/Lowpoly Nature & Village Pack/PreMade Materials/BuildingRoof.mat using Guid(32fea8291906cab4ab74fc54d48311cf) Importer(815301076,1909f56bfc062723c751e8b465ee728b)  -> (artifact id: '9a1a886308dbb2d75b144c0af1e8b52f') in 0.014711 seconds
Number of updated asset objects reloaded before import = 0
Number of asset objects unloaded after import = 1
========================================================================
Received Import Request.
  Time since last request: 0.000080 seconds.
  path: Assets/Lowpoly Nature & Village Pack/PreMade Materials/BuildingRocks.mat
  artifactKey: Guid(1ba670f619965c6489145f745bf0678c) Importer(815301076,1909f56bfc062723c751e8b465ee728b)
Start importing Assets/Lowpoly Nature & Village Pack/PreMade Materials/BuildingRocks.mat using Guid(1ba670f619965c6489145f745bf0678c) Importer(815301076,1909f56bfc062723c751e8b465ee728b)  -> (artifact id: '5a478549f602ef3ae4f8d807b7a724ee') in 0.013906 seconds
Number of updated asset objects reloaded before import = 0
Number of asset objects unloaded after import = 1
========================================================================
Received Import Request.
  Time since last request: 0.000021 seconds.
  path: Assets/Lowpoly Nature & Village Pack/PreMade Materials/flower root.mat
  artifactKey: Guid(6d5c475fe15564a499284e73426aac81) Importer(815301076,1909f56bfc062723c751e8b465ee728b)
Start importing Assets/Lowpoly Nature & Village Pack/PreMade Materials/flower root.mat using Guid(6d5c475fe15564a499284e73426aac81) Importer(815301076,1909f56bfc062723c751e8b465ee728b)  -> (artifact id: '29d109b1d77c06e3ec796ccee05e9474') in 0.014529 seconds
Number of updated asset objects reloaded before import = 0
Number of asset objects unloaded after import = 1
========================================================================
Received Import Request.
  Time since last request: 0.000017 seconds.
  path: Assets/Lowpoly Nature & Village Pack/Prefabs/GrassPatchSmall.prefab
  artifactKey: Guid(f1888b6d87b131e4fad214b3450d515f) Importer(815301076,1909f56bfc062723c751e8b465ee728b)
Start importing Assets/Lowpoly Nature & Village Pack/Prefabs/GrassPatchSmall.prefab using Guid(f1888b6d87b131e4fad214b3450d515f) Importer(815301076,1909f56bfc062723c751e8b465ee728b)  -> (artifact id: 'eaaf1a45046817093857cd9f2250edee') in 0.012887 seconds
Number of updated asset objects reloaded before import = 0
Number of asset objects unloaded after import = 9
========================================================================
Received Import Request.
  Time since last request: 0.000017 seconds.
  path: Assets/Lowpoly Nature & Village Pack/Prefabs/GrassPatchLarge.prefab
  artifactKey: Guid(37b2e414ad36ed349a37ff45c33ec5c5) Importer(815301076,1909f56bfc062723c751e8b465ee728b)
Start importing Assets/Lowpoly Nature & Village Pack/Prefabs/GrassPatchLarge.prefab using Guid(37b2e414ad36ed349a37ff45c33ec5c5) Importer(815301076,1909f56bfc062723c751e8b465ee728b)  -> (artifact id: '3adcb3d25e187f1a3b0a1da356a3ed3d') in 0.013983 seconds
Number of updated asset objects reloaded before import = 0
Number of asset objects unloaded after import = 9
========================================================================
Received Import Request.
  Time since last request: 0.000022 seconds.
  path: Assets/Lowpoly Nature & Village Pack/Prefabs/Path.prefab
  artifactKey: Guid(547913ca2f2ef544f941992d3e31c854) Importer(815301076,1909f56bfc062723c751e8b465ee728b)
Start importing Assets/Lowpoly Nature & Village Pack/Prefabs/Path.prefab using Guid(547913ca2f2ef544f941992d3e31c854) Importer(815301076,1909f56bfc062723c751e8b465ee728b)  -> (artifact id: '45600bf02e975403fcd3f0a943e63014') in 0.015081 seconds
Number of updated asset objects reloaded before import = 0
Number of asset objects unloaded after import = 9
========================================================================
Received Import Request.
  Time since last request: 0.000016 seconds.
  path: Assets/Lowpoly Nature & Village Pack/PreMade Materials/Tree Colour1.mat
  artifactKey: Guid(3657c390226272c49bdae0507bd6d933) Importer(815301076,1909f56bfc062723c751e8b465ee728b)
Start importing Assets/Lowpoly Nature & Village Pack/PreMade Materials/Tree Colour1.mat using Guid(3657c390226272c49bdae0507bd6d933) Importer(815301076,1909f56bfc062723c751e8b465ee728b)  -> (artifact id: '0a8790c0f7f0eef17ab4016f2e782689') in 0.014194 seconds
Number of updated asset objects reloaded before import = 0
Number of asset objects unloaded after import = 1
========================================================================
Received Import Request.
  Time since last request: 0.000017 seconds.
  path: Assets/Lowpoly Nature & Village Pack/Prefabs/WaterPond.prefab
  artifactKey: Guid(340c1e8bd6d5c8c439f37f85e55bd6e3) Importer(815301076,1909f56bfc062723c751e8b465ee728b)
Start importing Assets/Lowpoly Nature & Village Pack/Prefabs/WaterPond.prefab using Guid(340c1e8bd6d5c8c439f37f85e55bd6e3) Importer(815301076,1909f56bfc062723c751e8b465ee728b)  -> (artifact id: '3141b17c888f36a6801214edf913d9c5') in 0.014156 seconds
Number of updated asset objects reloaded before import = 0
Number of asset objects unloaded after import = 17
========================================================================
Received Import Request.
  Time since last request: 0.000018 seconds.
  path: Assets/Lowpoly Nature & Village Pack/3D Models/Tree4.fbx
  artifactKey: Guid(d079d0fb57484834295574458782d203) Importer(815301076,1909f56bfc062723c751e8b465ee728b)
Start importing Assets/Lowpoly Nature & Village Pack/3D Models/Tree4.fbx using Guid(d079d0fb57484834295574458782d203) Importer(815301076,1909f56bfc062723c751e8b465ee728b)  -> (artifact id: '9de7ec97106d9c1ea2897332e6c8e416') in 0.038170 seconds
Number of updated asset objects reloaded before import = 0
Number of asset objects unloaded after import = 16
========================================================================
Received Import Request.
  Time since last request: 0.000016 seconds.
  path: Assets/Lowpoly Nature & Village Pack/3D Models/Fence.fbx
  artifactKey: Guid(d5725392f3177bf43a8c7faf96f2292e) Importer(815301076,1909f56bfc062723c751e8b465ee728b)
Start importing Assets/Lowpoly Nature & Village Pack/3D Models/Fence.fbx using Guid(d5725392f3177bf43a8c7faf96f2292e) Importer(815301076,1909f56bfc062723c751e8b465ee728b)  -> (artifact id: 'd48bc20418409ee878b3f3127440d469') in 0.107173 seconds
Number of updated asset objects reloaded before import = 0
Number of asset objects unloaded after import = 19
========================================================================
Received Import Request.
  Time since last request: 0.000337 seconds.
  path: Assets/Lowpoly Nature & Village Pack/Prefabs/Terrain1.prefab
  artifactKey: Guid(16bcab8970f33844198232193dab5c0f) Importer(815301076,1909f56bfc062723c751e8b465ee728b)
Start importing Assets/Lowpoly Nature & Village Pack/Prefabs/Terrain1.prefab using Guid(16bcab8970f33844198232193dab5c0f) Importer(815301076,1909f56bfc062723c751e8b465ee728b)  -> (artifact id: 'c8f34035b51d294990cb689e8be2fe78') in 0.018556 seconds
Number of updated asset objects reloaded before import = 0
Number of asset objects unloaded after import = 17
========================================================================
Received Import Request.
  Time since last request: 0.000020 seconds.
  path: Assets/Lowpoly Nature & Village Pack/3D Models/Flower.fbx
  artifactKey: Guid(8dc08bde1b3151e4c911b230a75a2ebc) Importer(815301076,1909f56bfc062723c751e8b465ee728b)
Start importing Assets/Lowpoly Nature & Village Pack/3D Models/Flower.fbx using Guid(8dc08bde1b3151e4c911b230a75a2ebc) Importer(815301076,1909f56bfc062723c751e8b465ee728b)  -> (artifact id: 'e7667fa02a093240932fc5837370cea4') in 0.062658 seconds
Number of updated asset objects reloaded before import = 0
Number of asset objects unloaded after import = 28
========================================================================
Received Import Request.
  Time since last request: 0.000016 seconds.
  path: Assets/Lowpoly Nature & Village Pack/Prefabs/Tree2.prefab
  artifactKey: Guid(295d4fe610e3f6e458553690239006ce) Importer(815301076,1909f56bfc062723c751e8b465ee728b)
Start importing Assets/Lowpoly Nature & Village Pack/Prefabs/Tree2.prefab using Guid(295d4fe610e3f6e458553690239006ce) Importer(815301076,1909f56bfc062723c751e8b465ee728b)  -> (artifact id: 'e790893a592783e9aade0eeb1d4f1b7d') in 0.013543 seconds
Number of updated asset objects reloaded before import = 0
Number of asset objects unloaded after import = 17
========================================================================
Received Import Request.
  Time since last request: 0.000020 seconds.
  path: Assets/Lowpoly Nature & Village Pack/Prefabs/Terrain3.prefab
  artifactKey: Guid(3e48aa21d0da415438fc5d48357e07a3) Importer(815301076,1909f56bfc062723c751e8b465ee728b)
Start importing Assets/Lowpoly Nature & Village Pack/Prefabs/Terrain3.prefab using Guid(3e48aa21d0da415438fc5d48357e07a3) Importer(815301076,1909f56bfc062723c751e8b465ee728b)  -> (artifact id: 'e39b5f821238fc2a1089b7036ed6e5e2') in 0.015387 seconds
Number of updated asset objects reloaded before import = 0
Number of asset objects unloaded after import = 17
========================================================================
Received Import Request.
  Time since last request: 0.000016 seconds.
  path: Assets/Lowpoly Nature & Village Pack/Prefabs/Flower.prefab
  artifactKey: Guid(65da10d1209ab934dafe38c5a1208ced) Importer(815301076,1909f56bfc062723c751e8b465ee728b)
Start importing Assets/Lowpoly Nature & Village Pack/Prefabs/Flower.prefab using Guid(65da10d1209ab934dafe38c5a1208ced) Importer(815301076,1909f56bfc062723c751e8b465ee728b)  -> (artifact id: 'a9f0e3cc13c36fe862cd524511c309f8') in 0.014452 seconds
Number of updated asset objects reloaded before import = 0
Number of asset objects unloaded after import = 28
========================================================================
Received Import Request.
  Time since last request: 0.000015 seconds.
  path: Assets/Lowpoly Nature & Village Pack/Prefabs/Tree5.prefab
  artifactKey: Guid(87db960e0d32bd8469c9342504c75ea9) Importer(815301076,1909f56bfc062723c751e8b465ee728b)
Start importing Assets/Lowpoly Nature & Village Pack/Prefabs/Tree5.prefab using Guid(87db960e0d32bd8469c9342504c75ea9) Importer(815301076,1909f56bfc062723c751e8b465ee728b)  -> (artifact id: '898a632ccab17186af6e4517f546f9b1') in 0.014601 seconds
Number of updated asset objects reloaded before import = 0
Number of asset objects unloaded after import = 17
========================================================================
Received Import Request.
  Time since last request: 0.000015 seconds.
  path: Assets/Lowpoly Nature & Village Pack/3D Models/PotatoFarm.fbx
  artifactKey: Guid(dca497ffe83949640be4a2c55364817e) Importer(815301076,1909f56bfc062723c751e8b465ee728b)
Start importing Assets/Lowpoly Nature & Village Pack/3D Models/PotatoFarm.fbx using Guid(dca497ffe83949640be4a2c55364817e) Importer(815301076,1909f56bfc062723c751e8b465ee728b)  -> (artifact id: 'fb233acad6cd02fc05c11d306be4d212') in 0.269957 seconds
Number of updated asset objects reloaded before import = 0
Number of asset objects unloaded after import = 180
========================================================================
Received Prepare
Begin MonoManager ReloadAssembly
- Loaded All Assemblies, in  0.352 seconds
Refreshing native plugins compatible for Editor in 3.00 ms, found 4 plugins.
Native extension for WindowsStandalone target not found
Native extension for Android target not found
Native extension for WebGL target not found
Mono: successfully reloaded assembly
- Finished resetting the current domain, in  0.856 seconds
Domain Reload Profiling: 1207ms
	BeginReloadAssembly (126ms)
		ExecutionOrderSort (0ms)
		DisableScriptedObjects (4ms)
		BackupInstance (0ms)
		ReleaseScriptingObjects (0ms)
		CreateAndSetChildDomain (33ms)
	RebuildCommonClasses (26ms)
	RebuildNativeTypeToScriptingClass (9ms)
	initialDomainReloadingComplete (26ms)
	LoadAllAssembliesAndSetupDomain (162ms)
		LoadAssemblies (213ms)
		RebuildTransferFunctionScriptingTraits (0ms)
		AnalyzeDomain (12ms)
			TypeCache.Refresh (6ms)
				TypeCache.ScanAssembly (0ms)
			ScanForSourceGeneratedMonoScriptInfo (0ms)
			ResolveRequiredComponents (3ms)
	FinalizeReload (857ms)
		ReleaseScriptCaches (0ms)
		RebuildScriptCaches (0ms)
		SetupLoadedEditorAssemblies (395ms)
			LogAssemblyErrors (0ms)
			InitializePlatformSupportModulesInManaged (25ms)
			SetLoadedEditorAssemblies (4ms)
			RefreshPlugins (0ms)
			BeforeProcessingInitializeOnLoad (56ms)
			ProcessInitializeOnLoadAttributes (279ms)
			ProcessInitializeOnLoadMethodAttributes (24ms)
			AfterProcessingInitializeOnLoad (6ms)
			EditorAssembliesLoaded (0ms)
		ExecutionOrderSort2 (0ms)
		AwakeInstancesAfterBackupRestoration (8ms)
Refreshing native plugins compatible for Editor in 4.00 ms, found 4 plugins.
Preloading 0 native plugins for Editor in 0.00 ms.
Unloading 3532 Unused Serialized files (Serialized files now loaded: 0)
Unloading 30 unused Assets / (34.7 KB). Loaded Objects now: 4046.
Memory consumption went from 127.2 MB to 127.2 MB.
Total: 2.727100 ms (FindLiveObjects: 0.284200 ms CreateObjectMapping: 0.114700 ms MarkObjects: 2.272200 ms  DeleteObjects: 0.055000 ms)

Prepare: number of updated asset objects reloaded= 0
AssetImportParameters requested are different than current active one (requested -> active):
  custom:container-demuxer-ogg: 62fdf1f143b41e24485cea50d1cbac27 -> 
  custom:video-decoder-ogg-theora: a1e56fd34408186e4bbccfd4996cb3dc -> 
  custom:framework-win-MediaFoundation: 216162199b28c13a410421893ffa2e32 -> 
  custom:CustomObjectIndexerAttribute: 756ad292c208cfabdd7b50bc23989ffe -> 
  custom:container-demuxer-webm: 4f35f7cbe854078d1ac9338744f61a02 -> 
  custom:container-muxer-webm: aa71ff27fc2769a1b78a27578f13a17b -> 
  custom:video-decoder-webm-vp8: 9c59270c3fd7afecdb556c50c9e8de78 -> 
  custom:SearchIndexIgnoredProperties: e643bd26f0fe6173181afceb89e7c659 -> 
  custom:AudioImporter_EditorPlatform: d09bf68614088b80899f8185d706f6e7 -> 
  custom:video-encoder-webm-vp8: eb34c28f22e8b96e1ab97ce403110664 -> 
  custom:audio-decoder-ogg-vorbis: bf7c407c2cedff20999df2af8eb42d56 -> 
  custom:audio-encoder-webm-vorbis: bf7c407c2cedff20999df2af8eb42d56 -> 
========================================================================
Received Prepare
Refreshing native plugins compatible for Editor in 4.45 ms, found 4 plugins.
Preloading 0 native plugins for Editor in 0.00 ms.
Unloading 1 Unused Serialized files (Serialized files now loaded: 0)
Unloading 1 unused Assets / (3.1 KB). Loaded Objects now: 4046.
Memory consumption went from 72.8 MB to 72.8 MB.
Total: 3.549900 ms (FindLiveObjects: 0.406900 ms CreateObjectMapping: 0.378200 ms MarkObjects: 2.733200 ms  DeleteObjects: 0.029600 ms)

Prepare: number of updated asset objects reloaded= 0
AssetImportParameters requested are different than current active one (requested -> active):
  custom:container-demuxer-ogg: 62fdf1f143b41e24485cea50d1cbac27 -> 
  custom:video-decoder-ogg-theora: a1e56fd34408186e4bbccfd4996cb3dc -> 
  custom:framework-win-MediaFoundation: 216162199b28c13a410421893ffa2e32 -> 
  custom:CustomObjectIndexerAttribute: 756ad292c208cfabdd7b50bc23989ffe -> 
  custom:container-demuxer-webm: 4f35f7cbe854078d1ac9338744f61a02 -> 
  custom:container-muxer-webm: aa71ff27fc2769a1b78a27578f13a17b -> 
  custom:video-decoder-webm-vp8: 9c59270c3fd7afecdb556c50c9e8de78 -> 
  custom:SearchIndexIgnoredProperties: e643bd26f0fe6173181afceb89e7c659 -> 
  custom:AudioImporter_EditorPlatform: d09bf68614088b80899f8185d706f6e7 -> 
  custom:video-encoder-webm-vp8: eb34c28f22e8b96e1ab97ce403110664 -> 
  custom:audio-decoder-ogg-vorbis: bf7c407c2cedff20999df2af8eb42d56 -> 
  custom:audio-encoder-webm-vorbis: bf7c407c2cedff20999df2af8eb42d56 -> 
